../Core/Src/main.c:73:6:QueueInit	8	static
../Core/Src/main.c:82:5:_write	24	static
../Core/Src/main.c:98:5:main	8	static
../Core/Src/main.c:181:6:SystemClock_Config	88	static
../Core/Src/main.c:239:13:MX_USART3_UART_Init	8	static
../Core/Src/main.c:274:13:MX_USB_OTG_FS_PCD_Init	8	static
../Core/Src/main.c:309:13:MX_GPIO_Init	56	static
../Core/Src/main.c:367:6:StartDefaultTask	16	static
../Core/Src/main.c:391:6:HAL_TIM_PeriodElapsedCallback	16	static
../Core/Src/main.c:408:6:Error_Handler	4	static,ignoring_inline_asm
